; Final map file for kernel
; Format: filename:line (SEG) -> address (octal)  # segment_name
; Only TEXT segment entries (executable code) included
;
kernel.c:639 (T) -> 001320  # TEXT - L71
kernel.c:638 (T) -> 001320  # TEXT - L71
kernel.c:347 (T) -> 001317  # TEXT - L71
kernel.c:637 (T) -> 001317  # TEXT - L71
kernel.c:347 (T) -> 001317  # TEXT - _main
kernel.c:635 (T) -> 001317  # TEXT - _main
kernel.c:634 (T) -> 001312  # TEXT - _main
kernel.c:346 (T) -> 001310  # TEXT - _main
kernel.c:631 (T) -> 001310  # TEXT - _main
kernel.c:344 (T) -> 001302  # TEXT - _main
kernel.c:628 (T) -> 001302  # TEXT - _main
kernel.c:342 (T) -> 001300  # TEXT - _main
kernel.c:626 (T) -> 001300  # TEXT - _main
kernel.c:625 (T) -> 001272  # TEXT - _main
kernel.c:624 (T) -> 001272  # TEXT - L69
kernel.c:622 (T) -> 001272  # TEXT - L69
kernel.c:621 (T) -> 001272  # TEXT - L69
kernel.c:335 (T) -> 001271  # TEXT - L69
kernel.c:620 (T) -> 001271  # TEXT - L69
kernel.c:335 (T) -> 001271  # TEXT - _trap_handler
kernel.c:618 (T) -> 001271  # TEXT - _trap_handler
kernel.c:334 (T) -> 001264  # TEXT - _trap_handler
kernel.c:615 (T) -> 001264  # TEXT - _trap_handler
kernel.c:332 (T) -> 001261  # TEXT - _trap_handler
kernel.c:613 (T) -> 001261  # TEXT - _trap_handler
kernel.c:612 (T) -> 001253  # TEXT - _trap_handler
kernel.c:611 (T) -> 001253  # TEXT - L62
kernel.c:608 (T) -> 001253  # TEXT - L62
kernel.c:607 (T) -> 001253  # TEXT - L62
kernel.c:325 (T) -> 001252  # TEXT - L62
kernel.c:606 (T) -> 001252  # TEXT - L62
kernel.c:325 (T) -> 001252  # TEXT - L64
kernel.c:603 (T) -> 001252  # TEXT - L64
kernel.c:325 (T) -> 001252  # TEXT - L66
kernel.c:602 (T) -> 001252  # TEXT - L66
kernel.c:324 (T) -> 001250  # TEXT - L66
kernel.c:600 (T) -> 001250  # TEXT - L66
kernel.c:323 (T) -> 001242  # TEXT - L66
kernel.c:595 (T) -> 001242  # TEXT - L66
kernel.c:323 (T) -> 001242  # TEXT - L65
kernel.c:594 (T) -> 001242  # TEXT - L65
kernel.c:593 (T) -> 001240  # TEXT - L65
kernel.c:320 (T) -> 001236  # TEXT - L65
kernel.c:591 (T) -> 001236  # TEXT - L65
kernel.c:320 (T) -> 001236  # TEXT - L68
kernel.c:590 (T) -> 001236  # TEXT - L68
kernel.c:320 (T) -> 001236  # TEXT - L67
kernel.c:587 (T) -> 001236  # TEXT - L67
kernel.c:318 (T) -> 001231  # TEXT - L67
kernel.c:583 (T) -> 001231  # TEXT - L67
kernel.c:582 (T) -> 001226  # TEXT - L67
kernel.c:581 (T) -> 001222  # TEXT - L67
kernel.c:580 (T) -> 001214  # TEXT - L67
kernel.c:579 (T) -> 001211  # TEXT - L67
kernel.c:315 (T) -> 001207  # TEXT - L67
kernel.c:576 (T) -> 001207  # TEXT - L67
kernel.c:575 (T) -> 001205  # TEXT - L67
kernel.c:574 (T) -> 001177  # TEXT - L67
kernel.c:573 (T) -> 001175  # TEXT - L67
kernel.c:313 (T) -> 001173  # TEXT - L67
kernel.c:571 (T) -> 001173  # TEXT - L67
kernel.c:570 (T) -> 001170  # TEXT - L67
kernel.c:569 (T) -> 001164  # TEXT - L67
kernel.c:568 (T) -> 001164  # TEXT - L63
kernel.c:312 (T) -> 001162  # TEXT - L63
kernel.c:565 (T) -> 001162  # TEXT - L63
kernel.c:312 (T) -> 001162  # TEXT - _scheduler
kernel.c:561 (T) -> 001162  # TEXT - _scheduler
kernel.c:307 (T) -> 001160  # TEXT - _scheduler
kernel.c:553 (T) -> 001160  # TEXT - _scheduler
kernel.c:303 (T) -> 001156  # TEXT - _scheduler
kernel.c:551 (T) -> 001156  # TEXT - _scheduler
kernel.c:550 (T) -> 001150  # TEXT - _scheduler
kernel.c:549 (T) -> 001150  # TEXT - L60
kernel.c:547 (T) -> 001150  # TEXT - L60
kernel.c:546 (T) -> 001150  # TEXT - L60
kernel.c:296 (T) -> 001147  # TEXT - L60
kernel.c:545 (T) -> 001147  # TEXT - L60
kernel.c:296 (T) -> 001147  # TEXT - L61
kernel.c:543 (T) -> 001147  # TEXT - L61
kernel.c:542 (T) -> 001142  # TEXT - L61
kernel.c:295 (T) -> 001140  # TEXT - L61
kernel.c:541 (T) -> 001140  # TEXT - L61
kernel.c:295 (T) -> 001140  # TEXT - _sys_exit
kernel.c:538 (T) -> 001140  # TEXT - _sys_exit
kernel.c:293 (T) -> 001131  # TEXT - _sys_exit
kernel.c:536 (T) -> 001131  # TEXT - _sys_exit
kernel.c:535 (T) -> 001126  # TEXT - _sys_exit
kernel.c:292 (T) -> 001120  # TEXT - _sys_exit
kernel.c:532 (T) -> 001120  # TEXT - _sys_exit
kernel.c:290 (T) -> 001115  # TEXT - _sys_exit
kernel.c:530 (T) -> 001115  # TEXT - _sys_exit
kernel.c:529 (T) -> 001107  # TEXT - _sys_exit
kernel.c:528 (T) -> 001107  # TEXT - L59
kernel.c:525 (T) -> 001107  # TEXT - L59
kernel.c:524 (T) -> 001107  # TEXT - L59
kernel.c:283 (T) -> 001106  # TEXT - L59
kernel.c:523 (T) -> 001106  # TEXT - L59
kernel.c:283 (T) -> 001106  # TEXT - _sys_write
kernel.c:521 (T) -> 001106  # TEXT - _sys_write
kernel.c:520 (T) -> 001101  # TEXT - _sys_write
kernel.c:282 (T) -> 001077  # TEXT - _sys_write
kernel.c:517 (T) -> 001077  # TEXT - _sys_write
kernel.c:280 (T) -> 001074  # TEXT - _sys_write
kernel.c:515 (T) -> 001074  # TEXT - _sys_write
kernel.c:514 (T) -> 001066  # TEXT - _sys_write
kernel.c:513 (T) -> 001066  # TEXT - L58
kernel.c:508 (T) -> 001066  # TEXT - L58
kernel.c:507 (T) -> 001066  # TEXT - L58
kernel.c:271 (T) -> 001065  # TEXT - L58
kernel.c:506 (T) -> 001065  # TEXT - L58
kernel.c:271 (T) -> 001065  # TEXT - _sys_read
kernel.c:504 (T) -> 001065  # TEXT - _sys_read
kernel.c:503 (T) -> 001060  # TEXT - _sys_read
kernel.c:270 (T) -> 001056  # TEXT - _sys_read
kernel.c:500 (T) -> 001056  # TEXT - _sys_read
kernel.c:268 (T) -> 001053  # TEXT - _sys_read
kernel.c:498 (T) -> 001053  # TEXT - _sys_read
kernel.c:497 (T) -> 001045  # TEXT - _sys_read
kernel.c:496 (T) -> 001045  # TEXT - L54
kernel.c:491 (T) -> 001045  # TEXT - L54
kernel.c:490 (T) -> 001045  # TEXT - L54
kernel.c:259 (T) -> 001044  # TEXT - L54
kernel.c:489 (T) -> 001044  # TEXT - L54
kernel.c:259 (T) -> 001044  # TEXT - L56
kernel.c:486 (T) -> 001044  # TEXT - L56
kernel.c:259 (T) -> 001044  # TEXT - L55
kernel.c:485 (T) -> 001044  # TEXT - L55
kernel.c:484 (T) -> 001041  # TEXT - L55
kernel.c:258 (T) -> 001037  # TEXT - L55
kernel.c:482 (T) -> 001037  # TEXT - L55
kernel.c:258 (T) -> 001037  # TEXT - L57
kernel.c:480 (T) -> 001037  # TEXT - L57
kernel.c:479 (T) -> 001034  # TEXT - L57
kernel.c:478 (T) -> 001026  # TEXT - L57
kernel.c:477 (T) -> 001023  # TEXT - L57
kernel.c:257 (T) -> 001021  # TEXT - L57
kernel.c:475 (T) -> 001021  # TEXT - L57
kernel.c:474 (T) -> 001016  # TEXT - L57
kernel.c:473 (T) -> 001010  # TEXT - L57
kernel.c:472 (T) -> 001005  # TEXT - L57
kernel.c:256 (T) -> 001003  # TEXT - L57
kernel.c:470 (T) -> 001003  # TEXT - L57
kernel.c:469 (T) -> 001000  # TEXT - L57
kernel.c:468 (T) -> 000772  # TEXT - L57
kernel.c:467 (T) -> 000767  # TEXT - L57
kernel.c:255 (T) -> 000765  # TEXT - L57
kernel.c:465 (T) -> 000765  # TEXT - L57
kernel.c:464 (T) -> 000762  # TEXT - L57
kernel.c:463 (T) -> 000754  # TEXT - L57
kernel.c:462 (T) -> 000751  # TEXT - L57
kernel.c:254 (T) -> 000747  # TEXT - L57
kernel.c:460 (T) -> 000747  # TEXT - L57
kernel.c:459 (T) -> 000744  # TEXT - L57
kernel.c:458 (T) -> 000736  # TEXT - L57
kernel.c:457 (T) -> 000733  # TEXT - L57
kernel.c:253 (T) -> 000731  # TEXT - L57
kernel.c:455 (T) -> 000731  # TEXT - L57
kernel.c:454 (T) -> 000726  # TEXT - L57
kernel.c:453 (T) -> 000720  # TEXT - L57
kernel.c:452 (T) -> 000715  # TEXT - L57
kernel.c:252 (T) -> 000713  # TEXT - L57
kernel.c:450 (T) -> 000713  # TEXT - L57
kernel.c:449 (T) -> 000710  # TEXT - L57
kernel.c:448 (T) -> 000702  # TEXT - L57
kernel.c:447 (T) -> 000677  # TEXT - L57
kernel.c:251 (T) -> 000675  # TEXT - L57
kernel.c:445 (T) -> 000675  # TEXT - L57
kernel.c:444 (T) -> 000672  # TEXT - L57
kernel.c:443 (T) -> 000664  # TEXT - L57
kernel.c:442 (T) -> 000661  # TEXT - L57
kernel.c:250 (T) -> 000657  # TEXT - L57
kernel.c:440 (T) -> 000657  # TEXT - L57
kernel.c:439 (T) -> 000654  # TEXT - L57
kernel.c:438 (T) -> 000646  # TEXT - L57
kernel.c:437 (T) -> 000643  # TEXT - L57
kernel.c:249 (T) -> 000641  # TEXT - L57
kernel.c:435 (T) -> 000641  # TEXT - L57
kernel.c:434 (T) -> 000636  # TEXT - L57
kernel.c:433 (T) -> 000632  # TEXT - L57
kernel.c:432 (T) -> 000632  # TEXT - _init_inodetab
kernel.c:248 (T) -> 000630  # TEXT - _init_inodetab
kernel.c:426 (T) -> 000630  # TEXT - _init_inodetab
kernel.c:245 (T) -> 000626  # TEXT - _init_inodetab
kernel.c:424 (T) -> 000626  # TEXT - _init_inodetab
kernel.c:423 (T) -> 000620  # TEXT - _init_inodetab
kernel.c:422 (T) -> 000620  # TEXT - L50
kernel.c:420 (T) -> 000620  # TEXT - L50
kernel.c:419 (T) -> 000620  # TEXT - L50
kernel.c:239 (T) -> 000617  # TEXT - L50
kernel.c:418 (T) -> 000617  # TEXT - L50
kernel.c:239 (T) -> 000617  # TEXT - L52
kernel.c:415 (T) -> 000617  # TEXT - L52
kernel.c:239 (T) -> 000617  # TEXT - L51
kernel.c:414 (T) -> 000617  # TEXT - L51
kernel.c:413 (T) -> 000615  # TEXT - L51
kernel.c:238 (T) -> 000613  # TEXT - L51
kernel.c:411 (T) -> 000613  # TEXT - L51
kernel.c:238 (T) -> 000613  # TEXT - L53
kernel.c:409 (T) -> 000613  # TEXT - L53
kernel.c:408 (T) -> 000610  # TEXT - L53
kernel.c:407 (T) -> 000602  # TEXT - L53
kernel.c:406 (T) -> 000600  # TEXT - L53
kernel.c:237 (T) -> 000576  # TEXT - L53
kernel.c:404 (T) -> 000576  # TEXT - L53
kernel.c:403 (T) -> 000573  # TEXT - L53
kernel.c:402 (T) -> 000565  # TEXT - L53
kernel.c:401 (T) -> 000563  # TEXT - L53
kernel.c:236 (T) -> 000561  # TEXT - L53
kernel.c:399 (T) -> 000561  # TEXT - L53
kernel.c:398 (T) -> 000556  # TEXT - L53
kernel.c:397 (T) -> 000550  # TEXT - L53
kernel.c:396 (T) -> 000546  # TEXT - L53
kernel.c:235 (T) -> 000544  # TEXT - L53
kernel.c:394 (T) -> 000544  # TEXT - L53
kernel.c:393 (T) -> 000541  # TEXT - L53
kernel.c:392 (T) -> 000533  # TEXT - L53
kernel.c:391 (T) -> 000531  # TEXT - L53
kernel.c:234 (T) -> 000527  # TEXT - L53
kernel.c:389 (T) -> 000527  # TEXT - L53
kernel.c:388 (T) -> 000524  # TEXT - L53
kernel.c:387 (T) -> 000516  # TEXT - L53
kernel.c:386 (T) -> 000514  # TEXT - L53
kernel.c:233 (T) -> 000512  # TEXT - L53
kernel.c:384 (T) -> 000512  # TEXT - L53
kernel.c:383 (T) -> 000507  # TEXT - L53
kernel.c:382 (T) -> 000502  # TEXT - L53
kernel.c:381 (T) -> 000502  # TEXT - _init_filetab
kernel.c:232 (T) -> 000500  # TEXT - _init_filetab
kernel.c:375 (T) -> 000500  # TEXT - _init_filetab
kernel.c:229 (T) -> 000476  # TEXT - _init_filetab
kernel.c:373 (T) -> 000476  # TEXT - _init_filetab
kernel.c:372 (T) -> 000470  # TEXT - _init_filetab
kernel.c:371 (T) -> 000470  # TEXT - L46
kernel.c:369 (T) -> 000470  # TEXT - L46
kernel.c:368 (T) -> 000470  # TEXT - L46
kernel.c:223 (T) -> 000467  # TEXT - L46
kernel.c:367 (T) -> 000467  # TEXT - L46
kernel.c:223 (T) -> 000467  # TEXT - L48
kernel.c:364 (T) -> 000467  # TEXT - L48
kernel.c:222 (T) -> 000461  # TEXT - L48
kernel.c:362 (T) -> 000461  # TEXT - L48
kernel.c:221 (T) -> 000453  # TEXT - L48
kernel.c:360 (T) -> 000453  # TEXT - L48
kernel.c:220 (T) -> 000445  # TEXT - L48
kernel.c:358 (T) -> 000445  # TEXT - L48
kernel.c:219 (T) -> 000436  # TEXT - L48
kernel.c:354 (T) -> 000436  # TEXT - L48
kernel.c:219 (T) -> 000436  # TEXT - L47
kernel.c:353 (T) -> 000436  # TEXT - L47
kernel.c:352 (T) -> 000434  # TEXT - L47
kernel.c:216 (T) -> 000432  # TEXT - L47
kernel.c:350 (T) -> 000432  # TEXT - L47
kernel.c:216 (T) -> 000432  # TEXT - L49
kernel.c:348 (T) -> 000432  # TEXT - L49
kernel.c:347 (T) -> 000427  # TEXT - L49
kernel.c:346 (T) -> 000421  # TEXT - L49
kernel.c:345 (T) -> 000416  # TEXT - L49
kernel.c:215 (T) -> 000414  # TEXT - L49
kernel.c:343 (T) -> 000414  # TEXT - L49
kernel.c:342 (T) -> 000411  # TEXT - L49
kernel.c:341 (T) -> 000403  # TEXT - L49
kernel.c:340 (T) -> 000400  # TEXT - L49
kernel.c:214 (T) -> 000376  # TEXT - L49
kernel.c:338 (T) -> 000376  # TEXT - L49
kernel.c:337 (T) -> 000373  # TEXT - L49
kernel.c:336 (T) -> 000365  # TEXT - L49
kernel.c:335 (T) -> 000362  # TEXT - L49
kernel.c:213 (T) -> 000360  # TEXT - L49
kernel.c:333 (T) -> 000360  # TEXT - L49
kernel.c:332 (T) -> 000355  # TEXT - L49
kernel.c:331 (T) -> 000347  # TEXT - L49
kernel.c:330 (T) -> 000344  # TEXT - L49
kernel.c:212 (T) -> 000342  # TEXT - L49
kernel.c:328 (T) -> 000342  # TEXT - L49
kernel.c:327 (T) -> 000337  # TEXT - L49
kernel.c:326 (T) -> 000331  # TEXT - L49
kernel.c:325 (T) -> 000326  # TEXT - L49
kernel.c:211 (T) -> 000324  # TEXT - L49
kernel.c:323 (T) -> 000324  # TEXT - L49
kernel.c:322 (T) -> 000321  # TEXT - L49
kernel.c:321 (T) -> 000313  # TEXT - L49
kernel.c:320 (T) -> 000310  # TEXT - L49
kernel.c:210 (T) -> 000306  # TEXT - L49
kernel.c:318 (T) -> 000306  # TEXT - L49
kernel.c:317 (T) -> 000303  # TEXT - L49
kernel.c:316 (T) -> 000275  # TEXT - L49
kernel.c:315 (T) -> 000272  # TEXT - L49
kernel.c:209 (T) -> 000270  # TEXT - L49
kernel.c:313 (T) -> 000270  # TEXT - L49
kernel.c:312 (T) -> 000265  # TEXT - L49
kernel.c:311 (T) -> 000257  # TEXT - L49
kernel.c:310 (T) -> 000254  # TEXT - L49
kernel.c:208 (T) -> 000252  # TEXT - L49
kernel.c:308 (T) -> 000252  # TEXT - L49
kernel.c:307 (T) -> 000247  # TEXT - L49
kernel.c:306 (T) -> 000243  # TEXT - L49
kernel.c:305 (T) -> 000243  # TEXT - _init_proctab
kernel.c:207 (T) -> 000241  # TEXT - _init_proctab
kernel.c:299 (T) -> 000241  # TEXT - _init_proctab
kernel.c:204 (T) -> 000237  # TEXT - _init_proctab
kernel.c:297 (T) -> 000237  # TEXT - _init_proctab
kernel.c:296 (T) -> 000231  # TEXT - _init_proctab
kernel.c:295 (T) -> 000231  # TEXT - L42
kernel.c:293 (T) -> 000231  # TEXT - L42
kernel.c:292 (T) -> 000231  # TEXT - L42
kernel.c:198 (T) -> 000230  # TEXT - L42
kernel.c:291 (T) -> 000230  # TEXT - L42
kernel.c:198 (T) -> 000230  # TEXT - L44
kernel.c:288 (T) -> 000230  # TEXT - L44
kernel.c:197 (T) -> 000222  # TEXT - L44
kernel.c:286 (T) -> 000222  # TEXT - L44
kernel.c:196 (T) -> 000214  # TEXT - L44
kernel.c:284 (T) -> 000214  # TEXT - L44
kernel.c:195 (T) -> 000206  # TEXT - L44
kernel.c:280 (T) -> 000206  # TEXT - L44
kernel.c:195 (T) -> 000206  # TEXT - L43
kernel.c:279 (T) -> 000206  # TEXT - L43
kernel.c:278 (T) -> 000204  # TEXT - L43
kernel.c:192 (T) -> 000202  # TEXT - L43
kernel.c:276 (T) -> 000202  # TEXT - L43
kernel.c:192 (T) -> 000202  # TEXT - L45
kernel.c:274 (T) -> 000202  # TEXT - L45
kernel.c:273 (T) -> 000177  # TEXT - L45
kernel.c:272 (T) -> 000171  # TEXT - L45
kernel.c:191 (T) -> 000167  # TEXT - L45
kernel.c:270 (T) -> 000167  # TEXT - L45
kernel.c:269 (T) -> 000164  # TEXT - L45
kernel.c:268 (T) -> 000156  # TEXT - L45
kernel.c:190 (T) -> 000154  # TEXT - L45
kernel.c:266 (T) -> 000154  # TEXT - L45
kernel.c:265 (T) -> 000151  # TEXT - L45
kernel.c:264 (T) -> 000144  # TEXT - L45
kernel.c:263 (T) -> 000144  # TEXT - _init_kernel
kernel.c:189 (T) -> 000142  # TEXT - _init_kernel
kernel.c:259 (T) -> 000142  # TEXT - _init_kernel
kernel.c:186 (T) -> 000134  # TEXT - _init_kernel
kernel.c:257 (T) -> 000134  # TEXT - _init_kernel
kernel.c:185 (T) -> 000126  # TEXT - _init_kernel
kernel.c:255 (T) -> 000126  # TEXT - _init_kernel
kernel.c:184 (T) -> 000120  # TEXT - _init_kernel
kernel.c:251 (T) -> 000120  # TEXT - _init_kernel
kernel.c:181 (T) -> 000112  # TEXT - _init_kernel
kernel.c:249 (T) -> 000112  # TEXT - _init_kernel
kernel.c:180 (T) -> 000104  # TEXT - _init_kernel
kernel.c:247 (T) -> 000104  # TEXT - _init_kernel
kernel.c:179 (T) -> 000076  # TEXT - _init_kernel
kernel.c:245 (T) -> 000076  # TEXT - _init_kernel
kernel.c:178 (T) -> 000070  # TEXT - _init_kernel
kernel.c:238 (T) -> 000070  # TEXT - _init_kernel
kernel.c:174 (T) -> 000066  # TEXT - _init_kernel
kernel.c:236 (T) -> 000066  # TEXT - _init_kernel
kernel.c:235 (T) -> 000060  # TEXT - _init_kernel
kernel.c:234 (T) -> 000060  # TEXT - L39
kernel.c:232 (T) -> 000060  # TEXT - L39
kernel.c:231 (T) -> 000060  # TEXT - L39
kernel.c:168 (T) -> 000057  # TEXT - L39
kernel.c:230 (T) -> 000057  # TEXT - L39
kernel.c:168 (T) -> 000057  # TEXT - L41
kernel.c:228 (T) -> 000057  # TEXT - L41
kernel.c:168 (T) -> 000057  # TEXT - L40
kernel.c:227 (T) -> 000057  # TEXT - L40
kernel.c:167 (T) -> 000055  # TEXT - L40
kernel.c:225 (T) -> 000055  # TEXT - L40
kernel.c:167 (T) -> 000055  # TEXT - _kernel_main
kernel.c:221 (T) -> 000055  # TEXT - _kernel_main
kernel.c:163 (T) -> 000047  # TEXT - _kernel_main
kernel.c:217 (T) -> 000047  # TEXT - _kernel_main
kernel.c:160 (T) -> 000041  # TEXT - _kernel_main
kernel.c:214 (T) -> 000041  # TEXT - _kernel_main
kernel.c:158 (T) -> 000037  # TEXT - _kernel_main
kernel.c:212 (T) -> 000037  # TEXT - _kernel_main
kernel.c:211 (T) -> 000031  # TEXT - _kernel_main
kernel.c:210 (T) -> 000031  # TEXT - halt_loop
kernel.c:94 (T) -> 000031  # TEXT - halt_loop
kernel.c:93 (T) -> 000027  # TEXT - halt_loop
kernel.c:88 (T) -> 000027  # TEXT - start
kernel.c:76 (T) -> 000021  # TEXT - start
kernel.c:75 (T) -> 000017  # TEXT - start
kernel.c:65 (T) -> 000015  # TEXT - start
kernel.c:55 (T) -> 000004  # TEXT - start
kernel.c:40 (T) -> 000000  # TEXT
kernel.c:39 (T) -> 000000  # TEXT
kernel.c:34 (T) -> 000000  # TEXT
kernel.c:28 (T) -> 000000  # TEXT
kernel.c:27 (T) -> 000000  # TEXT
kernel.c:26 (T) -> 000000  # TEXT
kernel.c:25 (T) -> 000000  # TEXT
