; Final map file for kernel
; Format: filename:line (SEG) -> address (octal)  # segment_name
; Only TEXT segment entries (executable code) included
;
kernel.c:540 (T) -> 001321  # TEXT - L71
kernel.c:539 (T) -> 001320  # TEXT - L71
kernel.c:23297 (T) -> 001320  # TEXT - L71
kernel.c:538 (T) -> 001320  # TEXT - L71
kernel.c:23297 (T) -> 001320  # TEXT - _main
kernel.c:536 (T) -> 001313  # TEXT - _main
kernel.c:535 (T) -> 001311  # TEXT - _main
kernel.c:23041 (T) -> 001311  # TEXT - _main
kernel.c:532 (T) -> 001303  # TEXT - _main
kernel.c:22529 (T) -> 001303  # TEXT - _main
kernel.c:529 (T) -> 001301  # TEXT - _main
kernel.c:22017 (T) -> 001301  # TEXT - _main
kernel.c:527 (T) -> 001273  # TEXT - _main
kernel.c:526 (T) -> 001273  # TEXT - _main
kernel.c:525 (T) -> 001273  # TEXT - L69
kernel.c:523 (T) -> 001273  # TEXT - L69
kernel.c:522 (T) -> 001272  # TEXT - L69
kernel.c:20225 (T) -> 001272  # TEXT - L69
kernel.c:521 (T) -> 001272  # TEXT - L69
kernel.c:20225 (T) -> 001272  # TEXT - _trap_handler
kernel.c:519 (T) -> 001265  # TEXT - _trap_handler
kernel.c:19969 (T) -> 001265  # TEXT - _trap_handler
kernel.c:516 (T) -> 001262  # TEXT - _trap_handler
kernel.c:19457 (T) -> 001262  # TEXT - _trap_handler
kernel.c:514 (T) -> 001254  # TEXT - _trap_handler
kernel.c:513 (T) -> 001254  # TEXT - _trap_handler
kernel.c:512 (T) -> 001254  # TEXT - L62
kernel.c:509 (T) -> 001254  # TEXT - L62
kernel.c:508 (T) -> 001253  # TEXT - L62
kernel.c:17665 (T) -> 001253  # TEXT - L62
kernel.c:507 (T) -> 001253  # TEXT - L62
kernel.c:17665 (T) -> 001253  # TEXT - L64
kernel.c:504 (T) -> 001253  # TEXT - L64
kernel.c:17665 (T) -> 001253  # TEXT - L66
kernel.c:503 (T) -> 001251  # TEXT - L66
kernel.c:17409 (T) -> 001251  # TEXT - L66
kernel.c:501 (T) -> 001243  # TEXT - L66
kernel.c:17153 (T) -> 001243  # TEXT - L66
kernel.c:496 (T) -> 001243  # TEXT - L66
kernel.c:17153 (T) -> 001243  # TEXT - L65
kernel.c:495 (T) -> 001241  # TEXT - L65
kernel.c:494 (T) -> 001237  # TEXT - L65
kernel.c:16385 (T) -> 001237  # TEXT - L65
kernel.c:492 (T) -> 001237  # TEXT - L65
kernel.c:16385 (T) -> 001237  # TEXT - L68
kernel.c:491 (T) -> 001237  # TEXT - L68
kernel.c:16385 (T) -> 001237  # TEXT - L67
kernel.c:488 (T) -> 001232  # TEXT - L67
kernel.c:15873 (T) -> 001232  # TEXT - L67
kernel.c:484 (T) -> 001227  # TEXT - L67
kernel.c:483 (T) -> 001223  # TEXT - L67
kernel.c:482 (T) -> 001215  # TEXT - L67
kernel.c:481 (T) -> 001212  # TEXT - L67
kernel.c:480 (T) -> 001210  # TEXT - L67
kernel.c:15105 (T) -> 001210  # TEXT - L67
kernel.c:477 (T) -> 001206  # TEXT - L67
kernel.c:476 (T) -> 001200  # TEXT - L67
kernel.c:475 (T) -> 001176  # TEXT - L67
kernel.c:474 (T) -> 001174  # TEXT - L67
kernel.c:14593 (T) -> 001174  # TEXT - L67
kernel.c:472 (T) -> 001171  # TEXT - L67
kernel.c:471 (T) -> 001165  # TEXT - L67
kernel.c:470 (T) -> 001165  # TEXT - L67
kernel.c:469 (T) -> 001163  # TEXT - L63
kernel.c:14337 (T) -> 001163  # TEXT - L63
kernel.c:466 (T) -> 001163  # TEXT - L63
kernel.c:14337 (T) -> 001163  # TEXT - _scheduler
kernel.c:462 (T) -> 001161  # TEXT - _scheduler
kernel.c:13057 (T) -> 001161  # TEXT - _scheduler
kernel.c:454 (T) -> 001157  # TEXT - _scheduler
kernel.c:12033 (T) -> 001157  # TEXT - _scheduler
kernel.c:452 (T) -> 001151  # TEXT - _scheduler
kernel.c:451 (T) -> 001151  # TEXT - _scheduler
kernel.c:450 (T) -> 001151  # TEXT - L60
kernel.c:448 (T) -> 001151  # TEXT - L60
kernel.c:447 (T) -> 001150  # TEXT - L60
kernel.c:10241 (T) -> 001150  # TEXT - L60
kernel.c:446 (T) -> 001150  # TEXT - L60
kernel.c:10241 (T) -> 001150  # TEXT - L61
kernel.c:444 (T) -> 001143  # TEXT - L61
kernel.c:443 (T) -> 001141  # TEXT - L61
kernel.c:9985 (T) -> 001141  # TEXT - L61
kernel.c:442 (T) -> 001141  # TEXT - L61
kernel.c:9985 (T) -> 001141  # TEXT - _sys_exit
kernel.c:439 (T) -> 001132  # TEXT - _sys_exit
kernel.c:9473 (T) -> 001132  # TEXT - _sys_exit
kernel.c:437 (T) -> 001127  # TEXT - _sys_exit
kernel.c:436 (T) -> 001121  # TEXT - _sys_exit
kernel.c:9217 (T) -> 001121  # TEXT - _sys_exit
kernel.c:433 (T) -> 001116  # TEXT - _sys_exit
kernel.c:8705 (T) -> 001116  # TEXT - _sys_exit
kernel.c:431 (T) -> 001110  # TEXT - _sys_exit
kernel.c:430 (T) -> 001110  # TEXT - _sys_exit
kernel.c:429 (T) -> 001110  # TEXT - L59
kernel.c:426 (T) -> 001110  # TEXT - L59
kernel.c:425 (T) -> 001107  # TEXT - L59
kernel.c:6913 (T) -> 001107  # TEXT - L59
kernel.c:424 (T) -> 001107  # TEXT - L59
kernel.c:6913 (T) -> 001107  # TEXT - _sys_write
kernel.c:422 (T) -> 001102  # TEXT - _sys_write
kernel.c:421 (T) -> 001100  # TEXT - _sys_write
kernel.c:6657 (T) -> 001100  # TEXT - _sys_write
kernel.c:418 (T) -> 001075  # TEXT - _sys_write
kernel.c:6145 (T) -> 001075  # TEXT - _sys_write
kernel.c:416 (T) -> 001067  # TEXT - _sys_write
kernel.c:415 (T) -> 001067  # TEXT - _sys_write
kernel.c:414 (T) -> 001067  # TEXT - L58
kernel.c:409 (T) -> 001067  # TEXT - L58
kernel.c:408 (T) -> 001066  # TEXT - L58
kernel.c:3841 (T) -> 001066  # TEXT - L58
kernel.c:407 (T) -> 001066  # TEXT - L58
kernel.c:3841 (T) -> 001066  # TEXT - _sys_read
kernel.c:405 (T) -> 001061  # TEXT - _sys_read
kernel.c:404 (T) -> 001057  # TEXT - _sys_read
kernel.c:3585 (T) -> 001057  # TEXT - _sys_read
kernel.c:401 (T) -> 001054  # TEXT - _sys_read
kernel.c:3073 (T) -> 001054  # TEXT - _sys_read
kernel.c:399 (T) -> 001046  # TEXT - _sys_read
kernel.c:398 (T) -> 001046  # TEXT - _sys_read
kernel.c:397 (T) -> 001046  # TEXT - L54
kernel.c:392 (T) -> 001046  # TEXT - L54
kernel.c:391 (T) -> 001045  # TEXT - L54
kernel.c:769 (T) -> 001045  # TEXT - L54
kernel.c:390 (T) -> 001045  # TEXT - L54
kernel.c:769 (T) -> 001045  # TEXT - L56
kernel.c:387 (T) -> 001045  # TEXT - L56
kernel.c:769 (T) -> 001045  # TEXT - L55
kernel.c:386 (T) -> 001042  # TEXT - L55
kernel.c:385 (T) -> 001040  # TEXT - L55
kernel.c:513 (T) -> 001040  # TEXT - L55
kernel.c:383 (T) -> 001040  # TEXT - L55
kernel.c:513 (T) -> 001040  # TEXT - L57
kernel.c:381 (T) -> 001035  # TEXT - L57
kernel.c:380 (T) -> 001027  # TEXT - L57
kernel.c:379 (T) -> 001024  # TEXT - L57
kernel.c:378 (T) -> 001022  # TEXT - L57
kernel.c:257 (T) -> 001022  # TEXT - L57
kernel.c:376 (T) -> 001017  # TEXT - L57
kernel.c:375 (T) -> 001011  # TEXT - L57
kernel.c:374 (T) -> 001006  # TEXT - L57
kernel.c:373 (T) -> 001004  # TEXT - L57
kernel.c:1 (T) -> 001004  # TEXT - L57
kernel.c:371 (T) -> 001001  # TEXT - L57
kernel.c:370 (T) -> 000773  # TEXT - L57
kernel.c:369 (T) -> 000770  # TEXT - L57
kernel.c:368 (T) -> 000766  # TEXT - L57
kernel.c:65280 (T) -> 000766  # TEXT - L57
kernel.c:366 (T) -> 000763  # TEXT - L57
kernel.c:365 (T) -> 000755  # TEXT - L57
kernel.c:364 (T) -> 000752  # TEXT - L57
kernel.c:363 (T) -> 000750  # TEXT - L57
kernel.c:65024 (T) -> 000750  # TEXT - L57
kernel.c:361 (T) -> 000745  # TEXT - L57
kernel.c:360 (T) -> 000737  # TEXT - L57
kernel.c:359 (T) -> 000734  # TEXT - L57
kernel.c:358 (T) -> 000732  # TEXT - L57
kernel.c:64768 (T) -> 000732  # TEXT - L57
kernel.c:356 (T) -> 000727  # TEXT - L57
kernel.c:355 (T) -> 000721  # TEXT - L57
kernel.c:354 (T) -> 000716  # TEXT - L57
kernel.c:353 (T) -> 000714  # TEXT - L57
kernel.c:64512 (T) -> 000714  # TEXT - L57
kernel.c:351 (T) -> 000711  # TEXT - L57
kernel.c:350 (T) -> 000703  # TEXT - L57
kernel.c:349 (T) -> 000700  # TEXT - L57
kernel.c:348 (T) -> 000676  # TEXT - L57
kernel.c:64256 (T) -> 000676  # TEXT - L57
kernel.c:346 (T) -> 000673  # TEXT - L57
kernel.c:345 (T) -> 000665  # TEXT - L57
kernel.c:344 (T) -> 000662  # TEXT - L57
kernel.c:343 (T) -> 000660  # TEXT - L57
kernel.c:64000 (T) -> 000660  # TEXT - L57
kernel.c:341 (T) -> 000655  # TEXT - L57
kernel.c:340 (T) -> 000647  # TEXT - L57
kernel.c:339 (T) -> 000644  # TEXT - L57
kernel.c:338 (T) -> 000642  # TEXT - L57
kernel.c:63744 (T) -> 000642  # TEXT - L57
kernel.c:336 (T) -> 000637  # TEXT - L57
kernel.c:335 (T) -> 000633  # TEXT - L57
kernel.c:334 (T) -> 000633  # TEXT - L57
kernel.c:333 (T) -> 000631  # TEXT - _init_inodetab
kernel.c:63488 (T) -> 000631  # TEXT - _init_inodetab
kernel.c:327 (T) -> 000627  # TEXT - _init_inodetab
kernel.c:62720 (T) -> 000627  # TEXT - _init_inodetab
kernel.c:325 (T) -> 000621  # TEXT - _init_inodetab
kernel.c:324 (T) -> 000621  # TEXT - _init_inodetab
kernel.c:323 (T) -> 000621  # TEXT - L50
kernel.c:321 (T) -> 000621  # TEXT - L50
kernel.c:320 (T) -> 000620  # TEXT - L50
kernel.c:61184 (T) -> 000620  # TEXT - L50
kernel.c:319 (T) -> 000620  # TEXT - L50
kernel.c:61184 (T) -> 000620  # TEXT - L52
kernel.c:316 (T) -> 000620  # TEXT - L52
kernel.c:61184 (T) -> 000620  # TEXT - L51
kernel.c:315 (T) -> 000616  # TEXT - L51
kernel.c:314 (T) -> 000614  # TEXT - L51
kernel.c:60928 (T) -> 000614  # TEXT - L51
kernel.c:312 (T) -> 000614  # TEXT - L51
kernel.c:60928 (T) -> 000614  # TEXT - L53
kernel.c:310 (T) -> 000611  # TEXT - L53
kernel.c:309 (T) -> 000603  # TEXT - L53
kernel.c:308 (T) -> 000601  # TEXT - L53
kernel.c:307 (T) -> 000577  # TEXT - L53
kernel.c:60672 (T) -> 000577  # TEXT - L53
kernel.c:305 (T) -> 000574  # TEXT - L53
kernel.c:304 (T) -> 000566  # TEXT - L53
kernel.c:303 (T) -> 000564  # TEXT - L53
kernel.c:302 (T) -> 000562  # TEXT - L53
kernel.c:60416 (T) -> 000562  # TEXT - L53
kernel.c:300 (T) -> 000557  # TEXT - L53
kernel.c:299 (T) -> 000551  # TEXT - L53
kernel.c:298 (T) -> 000547  # TEXT - L53
kernel.c:297 (T) -> 000545  # TEXT - L53
kernel.c:60160 (T) -> 000545  # TEXT - L53
kernel.c:295 (T) -> 000542  # TEXT - L53
kernel.c:294 (T) -> 000534  # TEXT - L53
kernel.c:293 (T) -> 000532  # TEXT - L53
kernel.c:292 (T) -> 000530  # TEXT - L53
kernel.c:59904 (T) -> 000530  # TEXT - L53
kernel.c:290 (T) -> 000525  # TEXT - L53
kernel.c:289 (T) -> 000517  # TEXT - L53
kernel.c:288 (T) -> 000515  # TEXT - L53
kernel.c:287 (T) -> 000513  # TEXT - L53
kernel.c:59648 (T) -> 000513  # TEXT - L53
kernel.c:285 (T) -> 000510  # TEXT - L53
kernel.c:284 (T) -> 000503  # TEXT - L53
kernel.c:283 (T) -> 000503  # TEXT - L53
kernel.c:282 (T) -> 000501  # TEXT - _init_filetab
kernel.c:59392 (T) -> 000501  # TEXT - _init_filetab
kernel.c:276 (T) -> 000477  # TEXT - _init_filetab
kernel.c:58624 (T) -> 000477  # TEXT - _init_filetab
kernel.c:274 (T) -> 000471  # TEXT - _init_filetab
kernel.c:273 (T) -> 000471  # TEXT - _init_filetab
kernel.c:272 (T) -> 000471  # TEXT - L46
kernel.c:270 (T) -> 000471  # TEXT - L46
kernel.c:269 (T) -> 000470  # TEXT - L46
kernel.c:57088 (T) -> 000470  # TEXT - L46
kernel.c:268 (T) -> 000470  # TEXT - L46
kernel.c:57088 (T) -> 000470  # TEXT - L48
kernel.c:265 (T) -> 000462  # TEXT - L48
kernel.c:56832 (T) -> 000462  # TEXT - L48
kernel.c:263 (T) -> 000454  # TEXT - L48
kernel.c:56576 (T) -> 000454  # TEXT - L48
kernel.c:261 (T) -> 000446  # TEXT - L48
kernel.c:56320 (T) -> 000446  # TEXT - L48
kernel.c:259 (T) -> 000437  # TEXT - L48
kernel.c:56064 (T) -> 000437  # TEXT - L48
kernel.c:255 (T) -> 000437  # TEXT - L48
kernel.c:56064 (T) -> 000437  # TEXT - L47
kernel.c:254 (T) -> 000435  # TEXT - L47
kernel.c:253 (T) -> 000433  # TEXT - L47
kernel.c:55296 (T) -> 000433  # TEXT - L47
kernel.c:251 (T) -> 000433  # TEXT - L47
kernel.c:55296 (T) -> 000433  # TEXT - L49
kernel.c:249 (T) -> 000430  # TEXT - L49
kernel.c:248 (T) -> 000422  # TEXT - L49
kernel.c:247 (T) -> 000417  # TEXT - L49
kernel.c:246 (T) -> 000415  # TEXT - L49
kernel.c:55040 (T) -> 000415  # TEXT - L49
kernel.c:244 (T) -> 000412  # TEXT - L49
kernel.c:243 (T) -> 000404  # TEXT - L49
kernel.c:242 (T) -> 000401  # TEXT - L49
kernel.c:241 (T) -> 000377  # TEXT - L49
kernel.c:54784 (T) -> 000377  # TEXT - L49
kernel.c:239 (T) -> 000374  # TEXT - L49
kernel.c:238 (T) -> 000366  # TEXT - L49
kernel.c:237 (T) -> 000363  # TEXT - L49
kernel.c:236 (T) -> 000361  # TEXT - L49
kernel.c:54528 (T) -> 000361  # TEXT - L49
kernel.c:234 (T) -> 000356  # TEXT - L49
kernel.c:233 (T) -> 000350  # TEXT - L49
kernel.c:232 (T) -> 000345  # TEXT - L49
kernel.c:231 (T) -> 000343  # TEXT - L49
kernel.c:54272 (T) -> 000343  # TEXT - L49
kernel.c:229 (T) -> 000340  # TEXT - L49
kernel.c:228 (T) -> 000332  # TEXT - L49
kernel.c:227 (T) -> 000327  # TEXT - L49
kernel.c:226 (T) -> 000325  # TEXT - L49
kernel.c:54016 (T) -> 000325  # TEXT - L49
kernel.c:224 (T) -> 000322  # TEXT - L49
kernel.c:223 (T) -> 000314  # TEXT - L49
kernel.c:222 (T) -> 000311  # TEXT - L49
kernel.c:221 (T) -> 000307  # TEXT - L49
kernel.c:53760 (T) -> 000307  # TEXT - L49
kernel.c:219 (T) -> 000304  # TEXT - L49
kernel.c:218 (T) -> 000276  # TEXT - L49
kernel.c:217 (T) -> 000273  # TEXT - L49
kernel.c:216 (T) -> 000271  # TEXT - L49
kernel.c:53504 (T) -> 000271  # TEXT - L49
kernel.c:214 (T) -> 000266  # TEXT - L49
kernel.c:213 (T) -> 000260  # TEXT - L49
kernel.c:212 (T) -> 000255  # TEXT - L49
kernel.c:211 (T) -> 000253  # TEXT - L49
kernel.c:53248 (T) -> 000253  # TEXT - L49
kernel.c:209 (T) -> 000250  # TEXT - L49
kernel.c:208 (T) -> 000244  # TEXT - L49
kernel.c:207 (T) -> 000244  # TEXT - L49
kernel.c:206 (T) -> 000242  # TEXT - _init_proctab
kernel.c:52992 (T) -> 000242  # TEXT - _init_proctab
kernel.c:200 (T) -> 000240  # TEXT - _init_proctab
kernel.c:52224 (T) -> 000240  # TEXT - _init_proctab
kernel.c:198 (T) -> 000232  # TEXT - _init_proctab
kernel.c:197 (T) -> 000232  # TEXT - _init_proctab
kernel.c:196 (T) -> 000232  # TEXT - L42
kernel.c:194 (T) -> 000232  # TEXT - L42
kernel.c:193 (T) -> 000231  # TEXT - L42
kernel.c:50688 (T) -> 000231  # TEXT - L42
kernel.c:192 (T) -> 000231  # TEXT - L42
kernel.c:50688 (T) -> 000231  # TEXT - L44
kernel.c:189 (T) -> 000223  # TEXT - L44
kernel.c:50432 (T) -> 000223  # TEXT - L44
kernel.c:187 (T) -> 000215  # TEXT - L44
kernel.c:50176 (T) -> 000215  # TEXT - L44
kernel.c:185 (T) -> 000207  # TEXT - L44
kernel.c:49920 (T) -> 000207  # TEXT - L44
kernel.c:181 (T) -> 000207  # TEXT - L44
kernel.c:49920 (T) -> 000207  # TEXT - L43
kernel.c:180 (T) -> 000205  # TEXT - L43
kernel.c:179 (T) -> 000203  # TEXT - L43
kernel.c:49152 (T) -> 000203  # TEXT - L43
kernel.c:177 (T) -> 000203  # TEXT - L43
kernel.c:49152 (T) -> 000203  # TEXT - L45
kernel.c:175 (T) -> 000200  # TEXT - L45
kernel.c:174 (T) -> 000172  # TEXT - L45
kernel.c:173 (T) -> 000170  # TEXT - L45
kernel.c:48896 (T) -> 000170  # TEXT - L45
kernel.c:171 (T) -> 000165  # TEXT - L45
kernel.c:170 (T) -> 000157  # TEXT - L45
kernel.c:169 (T) -> 000155  # TEXT - L45
kernel.c:48640 (T) -> 000155  # TEXT - L45
kernel.c:167 (T) -> 000152  # TEXT - L45
kernel.c:166 (T) -> 000145  # TEXT - L45
kernel.c:165 (T) -> 000145  # TEXT - L45
kernel.c:164 (T) -> 000143  # TEXT - _init_kernel
kernel.c:48384 (T) -> 000143  # TEXT - _init_kernel
kernel.c:160 (T) -> 000135  # TEXT - _init_kernel
kernel.c:47616 (T) -> 000135  # TEXT - _init_kernel
kernel.c:158 (T) -> 000127  # TEXT - _init_kernel
kernel.c:47360 (T) -> 000127  # TEXT - _init_kernel
kernel.c:156 (T) -> 000121  # TEXT - _init_kernel
kernel.c:47104 (T) -> 000121  # TEXT - _init_kernel
kernel.c:152 (T) -> 000113  # TEXT - _init_kernel
kernel.c:46336 (T) -> 000113  # TEXT - _init_kernel
kernel.c:150 (T) -> 000105  # TEXT - _init_kernel
kernel.c:46080 (T) -> 000105  # TEXT - _init_kernel
kernel.c:148 (T) -> 000077  # TEXT - _init_kernel
kernel.c:45824 (T) -> 000077  # TEXT - _init_kernel
kernel.c:146 (T) -> 000071  # TEXT - _init_kernel
kernel.c:45568 (T) -> 000071  # TEXT - _init_kernel
kernel.c:139 (T) -> 000067  # TEXT - _init_kernel
kernel.c:44544 (T) -> 000067  # TEXT - _init_kernel
kernel.c:137 (T) -> 000061  # TEXT - _init_kernel
kernel.c:136 (T) -> 000061  # TEXT - _init_kernel
kernel.c:135 (T) -> 000061  # TEXT - L39
kernel.c:133 (T) -> 000061  # TEXT - L39
kernel.c:132 (T) -> 000060  # TEXT - L39
kernel.c:43008 (T) -> 000060  # TEXT - L39
kernel.c:131 (T) -> 000060  # TEXT - L39
kernel.c:43008 (T) -> 000060  # TEXT - L41
kernel.c:129 (T) -> 000060  # TEXT - L41
kernel.c:43008 (T) -> 000060  # TEXT - L40
kernel.c:128 (T) -> 000056  # TEXT - L40
kernel.c:42752 (T) -> 000056  # TEXT - L40
kernel.c:126 (T) -> 000056  # TEXT - L40
kernel.c:42752 (T) -> 000056  # TEXT - _kernel_main
kernel.c:122 (T) -> 000050  # TEXT - _kernel_main
kernel.c:41728 (T) -> 000050  # TEXT - _kernel_main
kernel.c:118 (T) -> 000042  # TEXT - _kernel_main
kernel.c:40960 (T) -> 000042  # TEXT - _kernel_main
kernel.c:115 (T) -> 000040  # TEXT - _kernel_main
kernel.c:40448 (T) -> 000040  # TEXT - _kernel_main
kernel.c:113 (T) -> 000032  # TEXT - _kernel_main
kernel.c:112 (T) -> 000032  # TEXT - _kernel_main
kernel.c:111 (T) -> 000032  # TEXT
locore.s:94 (T) -> 000027  # TEXT - halt_loop
locore.s:93 (T) -> 000027  # TEXT - halt_loop
locore.s:88 (T) -> 000021  # TEXT - start
locore.s:76 (T) -> 000017  # TEXT - start
locore.s:75 (T) -> 000015  # TEXT - start
locore.s:65 (T) -> 000004  # TEXT - start
locore.s:55 (T) -> 000004  # TEXT - start
locore.s:40 (T) -> 000000  # TEXT
locore.s:39 (T) -> 000000  # TEXT
locore.s:34 (T) -> 000000  # TEXT
locore.s:28 (T) -> 000000  # TEXT
locore.s:27 (T) -> 000000  # TEXT
locore.s:26 (T) -> 000000  # TEXT
locore.s:25 (T) -> 000000  # TEXT
